// Jest Snapshot v1, https://goo.gl/fbAQLP

exports[`should render ErrorPage  1`] = `
<div>
  <h2>
    ERROR 404
  </h2>
   - 
  <Link
    replace={false}
    to="/"
  >
    Go home
  </Link>
</div>
`;
